
> thegetnow@0.1.0 build
> next build

Γû▓ Next.js 16.2.2 (Turbopack)
- Environments: .env.local

  Creating an optimized production build ...
node.exe : 
At C:\Program 
Files\nodejs\npm.ps1:29 
char:3
+   & $NODE_EXE 
$NPM_CLI_JS $args
+   ~~~~~~~~~~~~~~~~~~~~~~
~~~~~~~
    + CategoryInfo        
      : NotSpecified: (:  
  String) [], RemoteExc   
 eption
    + FullyQualifiedError 
   Id : NativeCommandErr  
  or
 
> Build error occurred
Error: Turbopack build 
failed with 1 errors:
./src/app/portfolio/[slug]
/page.tsx:2:1
Module not found: Can't 
resolve 
'@/lib/portfolio-data'
  [90m1 |[0m 
[36mimport[0m { 
notFound } [36mfrom[0m 
[32m'next/navigation'[0m
[31m[1m>[0m [90m2 
|[0m [36mimport[0m { 
getProjectBySlug, 
getAllProjectSlugs } 
[36mfrom[0m [32m'@/lib/
portfolio-data'[0m
  [90m  |[0m [31m[1m^^
^^^^^^^^^^^^^^^^^^^^^^^^^^
^^^^^^^^^^^^^^^^^^^^^^^^^^
^^^^^^^^^^^^^^^^^^^^^[0m
  [90m3 |[0m 
[36mimport[0m [33mPortf
olioClientPage[0m 
[36mfrom[0m [32m'./Port
folioClientPage'[0m
  [90m4 |[0m 
[36mimport[0m 
[36mtype[0m { 
[33mMetadata[0m } 
[36mfrom[0m 
[32m'next'[0m
  [90m5 |[0m

Import map: aliased to 
relative './src/lib/portfo
lio-data' inside of 
[project]/


https://nextjs.org/docs/me
ssages/module-not-found


    at <unknown> (./src/ap
p/portfolio/[slug]/page.ts
x:2:1)
    at <unknown> (https://
nextjs.org/docs/messages/m
odule-not-found)
